[Fri Apr 28 09:17:10 2023] You have become better at Taunt! (1)
[Fri Apr 28 09:17:10 2023] You have become better at Taunt! (16)
[Fri Apr 28 09:17:10 2023] You have become better at Taunt! (163)
[Fri Apr 28 09:17:10 2023] You have entered Field of Bone.
[Fri Apr 28 09:17:10 2023] You have looted 10 dollas
[Fri Apr 28 09:17:10 2023] [1 Warrior] Syriex (Iksar) <Legacy of Ik> ZONE: cabeast
You have joined Legacy of Ik.